// Jest Snapshot v1, https://goo.gl/fbAQLP

exports[`something toMatchSnapshot 1`] = `123`;
